../Core/Src/main.c:106:5:main	8	static
../Core/Src/main.c:227:6:SystemClock_Config	88	static
../Core/Src/main.c:274:13:MX_ADC1_Init	24	static
../Core/Src/main.c:321:13:MX_TIM2_Init	32	static
../Core/Src/main.c:366:13:MX_TIM3_Init	64	static
../Core/Src/main.c:429:13:MX_GPIO_Init	40	static
../Core/Src/main.c:484:6:set_pwm	24	static
../Core/Src/main.c:493:6:motor_izquierdo	16	static
../Core/Src/main.c:521:6:motor_derecho	16	static
../Core/Src/main.c:550:6:mover_robot	16	static
../Core/Src/main.c:556:6:actualizar_rampa	8	static
../Core/Src/main.c:583:6:delay_us	16	static
../Core/Src/main.c:588:10:medir_ultrasonico	32	static
../Core/Src/main.c:625:10:leer_sharp_adc	16	static
../Core/Src/main.c:641:6:modo_autonomo_basico	8	static
../Core/Src/main.c:693:6:Error_Handler	4	static,ignoring_inline_asm
