../Core/Src/main.c:135:5:main	16	static
../Core/Src/main.c:393:6:SystemClock_Config	88	static
../Core/Src/main.c:440:13:MX_ADC1_Init	24	static
../Core/Src/main.c:487:13:MX_I2C1_Init	8	static
../Core/Src/main.c:521:13:MX_TIM1_Init	96	static
../Core/Src/main.c:596:13:MX_TIM2_Init	32	static
../Core/Src/main.c:641:13:MX_TIM3_Init	64	static
../Core/Src/main.c:704:13:MX_GPIO_Init	40	static
../Core/Src/main.c:759:6:set_pwm	24	static
../Core/Src/main.c:768:6:motor_izquierdo	16	static
../Core/Src/main.c:796:6:motor_derecho	16	static
../Core/Src/main.c:825:6:mover_robot	16	static
../Core/Src/main.c:831:6:actualizar_rampa	8	static
../Core/Src/main.c:858:6:delay_us	16	static
../Core/Src/main.c:863:10:medir_ultrasonico	32	static
../Core/Src/main.c:900:10:leer_sharp_adc	16	static
../Core/Src/main.c:916:6:modo_autonomo_basico	16	static
../Core/Src/main.c:969:6:OLED_Espera_Frame	24	static
../Core/Src/main.c:1008:6:OLED_Busqueda_Frame	24	static
../Core/Src/main.c:1039:6:OLED_Ataque_Frame	24	static
../Core/Src/main.c:1083:6:OLED_Impacto_Frame	32	static
../Core/Src/main.c:1121:6:OLED_Victoria_Frame	24	static
../Core/Src/main.c:1190:6:OLED_Derrota_Frame	24	static
../Core/Src/main.c:1223:6:OLED_Animacion_Espera	8	static
../Core/Src/main.c:1233:6:OLED_Animacion_Busqueda	8	static
../Core/Src/main.c:1249:6:OLED_Animacion_Ataque	8	static
../Core/Src/main.c:1261:6:OLED_Animacion_Impacto	8	static
../Core/Src/main.c:1273:6:OLED_Animacion_Victoria	8	static
../Core/Src/main.c:1288:6:OLED_Animacion_Derrota	8	static
../Core/Src/main.c:1298:6:buzzer_tono	24	static
../Core/Src/main.c:1317:6:buzzer_off	4	static
../Core/Src/main.c:1322:6:buzzer_inicio	8	static
../Core/Src/main.c:1336:6:buzzer_impacto	8	static
../Core/Src/main.c:1348:6:buzzer_victoria	8	static
../Core/Src/main.c:1364:6:buzzer_derrota	8	static
../Core/Src/main.c:1378:6:buzzer_bateria_baja	8	static
../Core/Src/main.c:1395:6:buzzer_ataque	8	static
../Core/Src/main.c:1415:6:Error_Handler	4	static,ignoring_inline_asm
