../Core/Src/main.c:106:5:main	16	static
../Core/Src/main.c:286:6:SystemClock_Config	88	static
../Core/Src/main.c:333:13:MX_ADC1_Init	24	static
../Core/Src/main.c:380:13:MX_TIM2_Init	32	static
../Core/Src/main.c:425:13:MX_TIM3_Init	64	static
../Core/Src/main.c:488:13:MX_GPIO_Init	40	static
../Core/Src/main.c:543:6:set_pwm	24	static
../Core/Src/main.c:552:6:motor_izquierdo	16	static
../Core/Src/main.c:580:6:motor_derecho	16	static
../Core/Src/main.c:609:6:mover_robot	16	static
../Core/Src/main.c:615:6:actualizar_rampa	8	static
../Core/Src/main.c:642:6:delay_us	16	static
../Core/Src/main.c:647:10:medir_ultrasonico	32	static
../Core/Src/main.c:684:10:leer_sharp_adc	16	static
../Core/Src/main.c:700:6:modo_autonomo_basico	16	static
../Core/Src/main.c:759:6:Error_Handler	4	static,ignoring_inline_asm
