15:32:07 **** Incremental Build of configuration Debug for project SUMOBOT_PROYECTO ****
make -j12 all 
arm-none-eabi-gcc "../Core/Src/main.c" -mcpu=cortex-m3 -std=gnu11 -g3 -DDEBUG -DUSE_HAL_DRIVER -DSTM32F103xB -c -I../Core/Inc -I../Drivers/STM32F1xx_HAL_Driver/Inc -I../Drivers/STM32F1xx_HAL_Driver/Inc/Legacy -I../Drivers/CMSIS/Device/ST/STM32F1xx/Include -I../Drivers/CMSIS/Include -O0 -ffunction-sections -fdata-sections -Wall -fstack-usage -fcyclomatic-complexity -MMD -MP -MF"Core/Src/main.d" -MT"Core/Src/main.o" --specs=nano.specs -mfloat-abi=soft -mthumb -o "Core/Src/main.o"
arm-none-eabi-gcc "../Core/Src/stm32f1xx_hal_msp.c" -mcpu=cortex-m3 -std=gnu11 -g3 -DDEBUG -DUSE_HAL_DRIVER -DSTM32F103xB -c -I../Core/Inc -I../Drivers/STM32F1xx_HAL_Driver/Inc -I../Drivers/STM32F1xx_HAL_Driver/Inc/Legacy -I../Drivers/CMSIS/Device/ST/STM32F1xx/Include -I../Drivers/CMSIS/Include -O0 -ffunction-sections -fdata-sections -Wall -fstack-usage -fcyclomatic-complexity -MMD -MP -MF"Core/Src/stm32f1xx_hal_msp.d" -MT"Core/Src/stm32f1xx_hal_msp.o" --specs=nano.specs -mfloat-abi=soft -mthumb -o "Core/Src/stm32f1xx_hal_msp.o"
arm-none-eabi-gcc "../Core/Src/stm32f1xx_it.c" -mcpu=cortex-m3 -std=gnu11 -g3 -DDEBUG -DUSE_HAL_DRIVER -DSTM32F103xB -c -I../Core/Inc -I../Drivers/STM32F1xx_HAL_Driver/Inc -I../Drivers/STM32F1xx_HAL_Driver/Inc/Legacy -I../Drivers/CMSIS/Device/ST/STM32F1xx/Include -I../Drivers/CMSIS/Include -O0 -ffunction-sections -fdata-sections -Wall -fstack-usage -fcyclomatic-complexity -MMD -MP -MF"Core/Src/stm32f1xx_it.d" -MT"Core/Src/stm32f1xx_it.o" --specs=nano.specs -mfloat-abi=soft -mthumb -o "Core/Src/stm32f1xx_it.o"
arm-none-eabi-gcc -o "SUMOBOT_PROYECTO.elf" @"objects.list"   -mcpu=cortex-m3 -T"C:\Users\jnico\OneDrive\Documentos\2026-1\MPEI\Repositorio\Smart-SumoBot\WORKSPACE_SUMOBOT\SUMOBOT_PROYECTO\STM32F103C8TX_FLASH.ld" --specs=nosys.specs -Wl,-Map="SUMOBOT_PROYECTO.map" -Wl,--gc-sections -static --specs=nano.specs -mfloat-abi=soft -mthumb -Wl,--start-group -lc -lm -Wl,--end-group
Finished building target: SUMOBOT_PROYECTO.elf
 
arm-none-eabi-size  SUMOBOT_PROYECTO.elf 
arm-none-eabi-objdump -h -S SUMOBOT_PROYECTO.elf  > "SUMOBOT_PROYECTO.list"
arm-none-eabi-objcopy  -O ihex SUMOBOT_PROYECTO.elf  "SUMOBOT_PROYECTO.hex"
   text	   data	    bss	    dec	    hex	filename
  14564	     12	   2956	  17532	   447c	SUMOBOT_PROYECTO.elf
arm-none-eabi-objcopy  -O binary SUMOBOT_PROYECTO.elf  "SUMOBOT_PROYECTO.bin"
Finished building: default.size.stdout
 
Finished building: SUMOBOT_PROYECTO.hex
Finished building: SUMOBOT_PROYECTO.bin
 
 
Finished building: SUMOBOT_PROYECTO.list
 
